// Jest Snapshot v1, https://goo.gl/fbAQLP

exports[`component DisplayWrap rendering should render html 1`] = `
<div class="display-wrap">
  <!---->
  <!---->
  <div class="display"></div>
</div>
`;
