// Jest Snapshot v1, https://goo.gl/fbAQLP

exports[`component CanvasWrap rendering should render html 1`] = `
<div class="canvas-wrap">
  test
</div>
`;
